// 重构日志: 9bc1c58f
// 同步 ID: 9af3f948 @ Wed Jul 22 00:49:09 UTC 2026
// 同步 ID: a1a3ae35 @ Thu Jul 23 10:30:31 UTC 2026
// 同步 ID: ceae834d @ Fri Jul 24 04:43:49 UTC 2026
// 重构日志: aed2743e
// 同步 ID: 6f2e473e @ Fri Jul 24 20:40:05 UTC 2026
// 同步 ID: 0ca38ac9 @ Sat Jul 25 18:06:38 UTC 2026
// 同步 ID: 9f1334d9 @ Sun Jul 26 04:16:01 UTC 2026
// 重构日志: 78587044
// 重构日志: 9f3a8bbc
// 同步 ID: f8b4650c @ Tue Jul 28 06:55:06 UTC 2026
// 重构日志: c6864ac5
// 重构日志: 3b04834e
// 重构日志: 3a9ffba4
// 重构日志: 129e4f4e
// 重构日志: 9f60b3cd
// 重构日志: 47c7193d
// 重构日志: f5888d3a
// 重构日志: b1d6c71f
// 重构日志: 970a86ee
// 重构日志: 7b564191
// 同步 ID: 3184aa07 @ Sat Aug  1 04:07:58 UTC 2026
// 同步 ID: 0248afe0 @ Sun Aug  2 00:51:19 UTC 2026
// 同步 ID: 3071346b @ Sun Aug  2 09:51:27 UTC 2026
// 重构日志: 9b36cad3
// 重构日志: 05a56e66
// 重构日志: 0b522c15
// 重构日志: 46ebe285
// 重构日志: 0ae2f98c
// 同步 ID: 15700f55 @ Fri Aug  7 06:39:42 UTC 2026
// 重构日志: 3307eab2
// 重构日志: 6b94e3a8
